
> ghost-tech@1.0.0 build
> react-scripts build

node.exe : (node:22572) [DEP0176] DeprecationWarning: fs.F_OK is deprecated, use 
fs.constants.F_OK instead
At line:1 char:1
+ & "C:\Program Files\nodejs/node.exe" "C:\Users\Daniel Guetchou\AppDat ...
+ ~~~~~~~~~~~~~~~~~~~~~~~~~~~~~~~~~~~~~~~~~~~~~~~~~~~~~~~~~~~~~~~~~~~~~
    + CategoryInfo          : NotSpecified: ((node:22572) [D...ts.F_OK instead:String) [], Remo 
   teException
    + FullyQualifiedErrorId : NativeCommandError
 
(Use `node --trace-deprecation ...` to show where the warning was created)
Creating an optimized production build...
Compiled with warnings.

[eslint] 
src\components\AssignmentBoard.jsx
  Line 38:10:  'AdvancedPerformanceTracker' is defined but never used  no-unused-vars

src\components\ChatBox.jsx
  Line 99:6:  React Hook useCallback has a missing dependency: 'performanceTracker'. Either include it or remove the dependency array  react-hooks/exhaustive-deps

src\components\Login.jsx
  Line 65:7:  Expected a default case  default-case

src\components\ParentDashboard.jsx
  Line 11:3:   'Chip' is defined but never used            no-unused-vars
  Line 21:12:  'FamilyIcon' is defined but never used      no-unused-vars
  Line 22:17:  'TrendingUpIcon' is defined but never used  no-unused-vars
  Line 23:14:  'WarningIcon' is defined but never used     no-unused-vars

src\components\PasswordReset.jsx
  Line 53:7:  Expected a default case  default-case

src\components\Register.jsx
  Line 158:7:  Expected a default case  default-case

src\components\StudentDashboard.jsx
  Line 17:17:  'TrendingUpIcon' is defined but never used  no-unused-vars
  Line 18:11:  'ChatIcon' is defined but never used        no-unused-vars
  Line 19:15:  'BookmarkIcon' is defined but never used    no-unused-vars

src\components\TeacherDashboard.jsx
  Line 1:17:   'lazy' is defined but never used                     no-unused-vars
  Line 1:23:   'Suspense' is defined but never used                 no-unused-vars
  Line 17:17:  'TrendingUpIcon' is defined but never used           no-unused-vars
  Line 25:7:   'LoadingSpinner' is assigned a value but never used  no-unused-vars
  Line 32:19:  'setCourses' is assigned a value but never used      no-unused-vars

Search for the keywords to learn more about each warning.
To ignore, add // eslint-disable-next-line to the line before.

File sizes after gzip:

  121.4 kB   build\static\js\main.fae963e7.js
  103.61 kB  build\static\js\952.d5860de7.chunk.js
  12.64 kB   build\static\js\232.76addc80.chunk.js
  12.08 kB   build\static\js\730.93975452.chunk.js
  6.84 kB    build\static\js\543.41db8165.chunk.js
  6.64 kB    build\static\js\385.b3f42c20.chunk.js
  6.48 kB    build\static\js\749.44c7534e.chunk.js
  6.29 kB    build\static\js\556.a48ecf25.chunk.js
  5.92 kB    build\static\js\895.8d69306c.chunk.js
  5.87 kB    build\static\js\519.d6a2aff6.chunk.js
  5.55 kB    build\static\js\838.6a797fc4.chunk.js
  5.33 kB    build\static\js\341.0e4f442f.chunk.js
  5.11 kB    build\static\js\88.8d1dcf2d.chunk.js
  4.9 kB     build\static\js\231.a6cafda8.chunk.js
  3.91 kB    build\static\js\418.523ffaff.chunk.js
  3.79 kB    build\static\js\131.7fb0fbb5.chunk.js
  3.65 kB    build\static\js\589.dbdb1d9c.chunk.js
  3.22 kB    build\static\js\949.7b1e072c.chunk.js
  3.1 kB     build\static\css\main.15923ea4.css
  2.94 kB    build\static\js\reactPlayerFilePlayer.be9d536f.chunk.js
  2.91 kB    build\static\js\277.07c5b57f.chunk.js
  2.83 kB    build\static\js\739.41b57e8d.chunk.js
  2.65 kB    build\static\js\760.142df5af.chunk.js
  2.62 kB    build\static\js\622.236e92d6.chunk.js
  2.51 kB    build\static\js\247.a033112d.chunk.js
  2.18 kB    build\static\js\943.9841e10c.chunk.js
  1.9 kB     build\static\js\reactPlayerYouTube.d2016257.chunk.js
  1.81 kB    build\static\js\reactPlayerMux.2ecff7b1.chunk.js
  1.4 kB     build\static\js\reactPlayerWistia.9f27aa07.chunk.js
  1.38 kB    build\static\js\reactPlayerVimeo.38c342a3.chunk.js
  1.32 kB    build\static\js\reactPlayerFacebook.b5da1d1f.chunk.js
  1.3 kB     build\static\js\reactPlayerPreview.651c3627.chunk.js
  1.28 kB    build\static\js\reactPlayerTwitch.be1812ae.chunk.js
  1.25 kB    build\static\js\reactPlayerDailyMotion.43b9c293.chunk.js
  1.25 kB    build\static\js\reactPlayerSoundCloud.6ee054f0.chunk.js
  1.21 kB    build\static\js\reactPlayerStreamable.e2b10d98.chunk.js
  1.2 kB     build\static\js\reactPlayerVidyard.62d4adfd.chunk.js
  1.18 kB    build\static\js\reactPlayerKaltura.74ffdacb.chunk.js
  1.15 kB    build\static\js\reactPlayerMixcloud.8198ff2f.chunk.js

The project was built assuming it is hosted at /.
You can control this with the homepage field in your package.json.

The build folder is ready to be deployed.
You may serve it with a static server:

  npm install -g serve
  serve -s build

Find out more about deployment here:

  https://cra.link/deployment

